// Jest Snapshot v1, https://goo.gl/fbAQLP

exports[`AppNavBar should match the snapshot 1`] = `
<Navbar
  color="light"
  expand="md"
  light={true}
  tag="nav"
>
  <NavbarBrand
    href="/"
    tag="a"
  >
    Football
  </NavbarBrand>
  <Nav
    className="mr-auto"
    navbar={true}
    tag="ul"
    vertical={false}
  >
    <NavItem
      tag="li"
    >
      <NavLink
        tag={
          Object {
            "$$typeof": Symbol(react.forward_ref),
            "displayName": "Link",
            "propTypes": Object {
              "innerRef": [Function],
              "onClick": [Function],
              "replace": [Function],
              "target": [Function],
              "to": [Function],
            },
            "render": [Function],
          }
        }
        to="/"
      >
        Players
      </NavLink>
    </NavItem>
    <NavItem
      tag="li"
    >
      <NavLink
        tag={
          Object {
            "$$typeof": Symbol(react.forward_ref),
            "displayName": "Link",
            "propTypes": Object {
              "innerRef": [Function],
              "onClick": [Function],
              "replace": [Function],
              "target": [Function],
              "to": [Function],
            },
            "render": [Function],
          }
        }
        to="/teams"
      >
        Teams
      </NavLink>
    </NavItem>
    <NavItem
      tag="li"
    >
      <NavLink
        tag={
          Object {
            "$$typeof": Symbol(react.forward_ref),
            "displayName": "Link",
            "propTypes": Object {
              "innerRef": [Function],
              "onClick": [Function],
              "replace": [Function],
              "target": [Function],
              "to": [Function],
            },
            "render": [Function],
          }
        }
        to="/profile"
      >
        Profile
      </NavLink>
    </NavItem>
  </Nav>
</Navbar>
`;
